Spring Application Advisor CLI Version: 1.3.1
com.vmware.tanzu.spring.advisor.cli.ControlledException: java.io.UncheckedIOException: Could not read file: /Users/orenpenso/git/spring-metal/target/bom.json
	at com.vmware.tanzu.spring.advisor.cli.CLITimerRunner.run(CLITimerRunner.java:34)
	at com.vmware.tanzu.spring.advisor.cli.buildconfig.BuildConfigurationGetCommand.getDependencies(BuildConfigurationGetCommand.java:114)
	at com.vmware.tanzu.spring.advisor.cli.buildconfig.BuildConfigurationGetCommand.runCommand(BuildConfigurationGetCommand.java:89)
	at com.vmware.tanzu.spring.advisor.cli.Command.run(Command.java:12)
	at picocli.CommandLine.executeUserObject(CommandLine.java:2045)
	at picocli.CommandLine.access$1500(CommandLine.java:148)
	at picocli.CommandLine$RunLast.executeUserObjectOfLastSubcommandWithSameParent(CommandLine.java:2469)
	at picocli.CommandLine$RunLast.handle(CommandLine.java:2461)
	at picocli.CommandLine$RunLast.handle(CommandLine.java:2423)
	at picocli.CommandLine$AbstractParseResultHandler.execute(CommandLine.java:2277)
	at picocli.CommandLine$RunLast.execute(CommandLine.java:2425)
	at picocli.CommandLine.execute(CommandLine.java:2174)
	at com.vmware.tanzu.spring.advisor.cli.CommandLineApplicationRunner.run(CommandLineApplicationRunner.java:27)
	at org.springframework.boot.SpringApplication.lambda$callRunner$5(SpringApplication.java:789)
	at org.springframework.util.function.ThrowingConsumer$1.acceptWithException(ThrowingConsumer.java:82)
	at org.springframework.util.function.ThrowingConsumer.accept(ThrowingConsumer.java:60)
	at org.springframework.util.function.ThrowingConsumer$1.accept(ThrowingConsumer.java:86)
	at org.springframework.boot.SpringApplication.callRunner(SpringApplication.java:797)
	at org.springframework.boot.SpringApplication.callRunner(SpringApplication.java:788)
	at org.springframework.boot.SpringApplication.lambda$callRunners$3(SpringApplication.java:773)
	at java.base@23.0.2/java.util.stream.ForEachOps$ForEachOp$OfRef.accept(ForEachOps.java:184)
	at java.base@23.0.2/java.util.stream.SortedOps$SizedRefSortingSink.end(SortedOps.java:357)
	at java.base@23.0.2/java.util.stream.AbstractPipeline.copyInto(AbstractPipeline.java:571)
	at java.base@23.0.2/java.util.stream.AbstractPipeline.wrapAndCopyInto(AbstractPipeline.java:560)
	at java.base@23.0.2/java.util.stream.ForEachOps$ForEachOp.evaluateSequential(ForEachOps.java:151)
	at java.base@23.0.2/java.util.stream.ForEachOps$ForEachOp$OfRef.evaluateSequential(ForEachOps.java:174)
	at java.base@23.0.2/java.util.stream.AbstractPipeline.evaluate(AbstractPipeline.java:265)
	at java.base@23.0.2/java.util.stream.ReferencePipeline.forEach(ReferencePipeline.java:636)
	at org.springframework.boot.SpringApplication.callRunners(SpringApplication.java:773)
	at org.springframework.boot.SpringApplication.run(SpringApplication.java:325)
	at org.springframework.boot.SpringApplication.run(SpringApplication.java:1362)
	at org.springframework.boot.SpringApplication.run(SpringApplication.java:1351)
	at com.vmware.tanzu.spring.advisor.cli.CommandLineApplication.main(CommandLineApplication.java:15)
	at java.base@23.0.2/java.lang.invoke.LambdaForm$DMH/sa346b79c.invokeStaticInit(LambdaForm$DMH)
Caused by: java.util.concurrent.ExecutionException: java.io.UncheckedIOException: Could not read file: /Users/orenpenso/git/spring-metal/target/bom.json
	at java.base@23.0.2/java.util.concurrent.CompletableFuture.wrapInExecutionException(CompletableFuture.java:345)
	at java.base@23.0.2/java.util.concurrent.CompletableFuture.reportGet(CompletableFuture.java:440)
	at java.base@23.0.2/java.util.concurrent.CompletableFuture.get(CompletableFuture.java:2117)
	at com.vmware.tanzu.spring.advisor.cli.CLITimerRunner.run(CLITimerRunner.java:25)
	... 33 more
Caused by: java.io.UncheckedIOException: Could not read file: /Users/orenpenso/git/spring-metal/target/bom.json
	at com.vmware.tanzu.spring.advisor.cli.sbom.SBomGenerator.getFileContents(SBomGenerator.java:108)
	at com.vmware.tanzu.spring.advisor.cli.sbom.SBomGenerator.getDependencies(SBomGenerator.java:71)
	at com.vmware.tanzu.spring.advisor.cli.buildconfig.BuildConfigurationGetCommand.lambda$getDependencies$0(BuildConfigurationGetCommand.java:115)
	at java.base@23.0.2/java.util.concurrent.CompletableFuture$AsyncSupply.run(CompletableFuture.java:1812)
	at java.base@23.0.2/java.util.concurrent.CompletableFuture$AsyncSupply.exec(CompletableFuture.java:1804)
	at java.base@23.0.2/java.util.concurrent.ForkJoinTask.doExec(ForkJoinTask.java:507)
	at java.base@23.0.2/java.util.concurrent.ForkJoinPool$WorkQueue.topLevelExec(ForkJoinPool.java:1460)
	at java.base@23.0.2/java.util.concurrent.ForkJoinPool.runWorker(ForkJoinPool.java:2036)
	at java.base@23.0.2/java.util.concurrent.ForkJoinWorkerThread.run(ForkJoinWorkerThread.java:189)
	at org.graalvm.nativeimage.builder/com.oracle.svm.core.thread.PlatformThreads.threadStartRoutine(PlatformThreads.java:832)
	at org.graalvm.nativeimage.builder/com.oracle.svm.core.thread.PlatformThreads.threadStartRoutine(PlatformThreads.java:808)
Caused by: java.nio.file.NoSuchFileException: /Users/orenpenso/git/spring-metal/target/bom.json
	at java.base@23.0.2/sun.nio.fs.UnixFileSystemProvider.newByteChannel(UnixFileSystemProvider.java:262)
	at java.base@23.0.2/java.nio.file.Files.newByteChannel(Files.java:380)
	at java.base@23.0.2/java.nio.file.Files.newByteChannel(Files.java:432)
	at java.base@23.0.2/java.nio.file.Files.readAllBytes(Files.java:3292)
	at java.base@23.0.2/java.nio.file.Files.readString(Files.java:3370)
	at java.base@23.0.2/java.nio.file.Files.readString(Files.java:3329)
	at com.vmware.tanzu.spring.advisor.cli.sbom.SBomGenerator.getFileContents(SBomGenerator.java:105)
	... 10 more
