🏃 Fetching and processing upgrade plan details [00m 00s]🏃 Fetching and processing upgrade plan details [00m 01s] ok
 - Step 1:
    * Upgrade spring-data-jpa from 3.3.x to 3.4.x
    * Upgrade mongo-java-driver from 5.0.x to 5.2.x
    * Upgrade hibernate-orm from 6.5.x to 6.6.x
    * Upgrade reactor from 3.6.x to 3.7.x
    * Upgrade spring-framework from 6.1.x to 6.2.x
    * Upgrade spring-data-mongodb from 4.3.x to 4.4.x
    * Upgrade lettuce from 6.3.x to 6.4.x
    * Upgrade micrometer from 1.13.x to 1.14.x
    * Upgrade spring-data-redis from 3.3.x to 3.4.x
    * Upgrade spring-data-keyvalue from 3.3.x to 3.4.x
    * Upgrade java-cfenv from 3.3.x to 3.4.x
    * Upgrade spring-boot from 3.3.x to 3.4.x
    * Upgrade spring-data-commons from 3.3.x to 3.4.x
      This is the list of recipes that will be applied:
      - org.openrewrite.java.dependencies.UpgradeDependencyVersion
      - org.openrewrite.java.dependencies.UpgradeDependencyVersion
      - org.openrewrite.java.dependencies.UpgradeDependencyVersion
      - org.openrewrite.java.dependencies.UpgradeDependencyVersion
      - org.openrewrite.java.dependencies.UpgradeDependencyVersion
      - org.openrewrite.java.dependencies.UpgradeDependencyVersion
      - org.openrewrite.java.dependencies.UpgradeDependencyVersion
      - org.openrewrite.java.dependencies.UpgradeDependencyVersion
      - org.openrewrite.java.dependencies.UpgradeDependencyVersion
      - org.openrewrite.java.dependencies.UpgradeDependencyVersion
      - org.openrewrite.java.dependencies.UpgradeDependencyVersion
      - org.openrewrite.java.dependencies.UpgradeDependencyVersion
      - org.openrewrite.java.dependencies.UpgradeDependencyVersion
      - org.openrewrite.java.dependencies.UpgradeDependencyVersion
      - org.openrewrite.java.dependencies.UpgradeDependencyVersion
      - org.openrewrite.java.dependencies.UpgradeDependencyVersion
      - org.openrewrite.java.dependencies.UpgradeDependencyVersion
      - org.openrewrite.java.dependencies.UpgradeDependencyVersion
      - org.openrewrite.java.dependencies.UpgradeDependencyVersion
      - org.openrewrite.java.dependencies.UpgradeDependencyVersion
      - org.openrewrite.java.dependencies.UpgradeDependencyVersion
      - org.openrewrite.java.dependencies.UpgradeDependencyVersion
      - org.openrewrite.java.dependencies.UpgradeDependencyVersion
      - org.openrewrite.java.dependencies.UpgradeDependencyVersion
      - org.openrewrite.java.dependencies.UpgradeDependencyVersion
      - org.openrewrite.java.dependencies.UpgradeDependencyVersion
      - org.openrewrite.java.dependencies.UpgradeDependencyVersion
      - org.openrewrite.java.dependencies.UpgradeDependencyVersion
      - org.openrewrite.java.dependencies.UpgradeDependencyVersion
      - org.openrewrite.java.dependencies.UpgradeDependencyVersion
      - org.openrewrite.java.dependencies.UpgradeDependencyVersion
      - org.openrewrite.java.dependencies.UpgradeDependencyVersion
      - org.openrewrite.java.dependencies.UpgradeDependencyVersion
      - org.openrewrite.java.dependencies.UpgradeDependencyVersion
      - org.openrewrite.java.dependencies.UpgradeDependencyVersion
      - org.openrewrite.java.dependencies.UpgradeDependencyVersion
      - org.openrewrite.java.dependencies.UpgradeDependencyVersion
      - org.openrewrite.java.dependencies.UpgradeDependencyVersion
      - org.openrewrite.java.dependencies.UpgradeDependencyVersion
      - org.openrewrite.java.dependencies.UpgradeDependencyVersion
      - org.openrewrite.java.dependencies.UpgradeDependencyVersion
      - org.openrewrite.java.dependencies.UpgradeDependencyVersion
      - org.openrewrite.java.dependencies.UpgradeDependencyVersion
      - org.openrewrite.java.dependencies.UpgradeDependencyVersion
      - org.openrewrite.java.dependencies.UpgradeDependencyVersion
      - org.openrewrite.java.dependencies.UpgradeDependencyVersion
      - org.openrewrite.java.dependencies.UpgradeDependencyVersion
      - org.openrewrite.java.dependencies.UpgradeDependencyVersion
      - org.openrewrite.java.dependencies.UpgradeDependencyVersion
      - org.openrewrite.java.dependencies.UpgradeDependencyVersion
      - org.openrewrite.java.dependencies.UpgradeDependencyVersion
      - org.openrewrite.java.dependencies.UpgradeDependencyVersion
      - org.openrewrite.java.dependencies.UpgradeDependencyVersion
      - org.openrewrite.java.dependencies.UpgradeDependencyVersion
      - org.openrewrite.java.dependencies.UpgradeDependencyVersion
      - org.openrewrite.java.dependencies.UpgradeDependencyVersion
      - org.openrewrite.java.dependencies.UpgradeDependencyVersion
      - org.openrewrite.java.dependencies.UpgradeDependencyVersion
      - org.openrewrite.java.dependencies.UpgradeDependencyVersion
      - org.openrewrite.java.dependencies.UpgradeDependencyVersion
      - org.openrewrite.java.dependencies.UpgradeDependencyVersion
      - org.openrewrite.java.dependencies.UpgradeDependencyVersion
      - org.openrewrite.java.dependencies.UpgradeDependencyVersion
      - org.openrewrite.java.dependencies.UpgradeDependencyVersion
      - org.openrewrite.java.dependencies.UpgradeDependencyVersion
      - org.openrewrite.java.dependencies.UpgradeDependencyVersion
      - org.openrewrite.java.dependencies.UpgradeDependencyVersion
      - org.openrewrite.java.dependencies.UpgradeDependencyVersion
      - org.openrewrite.java.dependencies.UpgradeDependencyVersion
      - org.openrewrite.java.dependencies.UpgradeDependencyVersion
      - org.openrewrite.java.dependencies.UpgradeDependencyVersion
      - org.openrewrite.java.dependencies.UpgradeDependencyVersion
      - org.openrewrite.java.dependencies.UpgradeDependencyVersion
      - org.openrewrite.java.dependencies.UpgradeDependencyVersion
      - org.openrewrite.java.dependencies.UpgradeDependencyVersion
      - org.openrewrite.java.dependencies.UpgradeDependencyVersion
      - org.openrewrite.java.dependencies.UpgradeDependencyVersion
      - org.openrewrite.java.dependencies.UpgradeDependencyVersion
      - org.openrewrite.java.dependencies.UpgradeDependencyVersion
      - org.openrewrite.java.dependencies.UpgradeDependencyVersion
      - org.openrewrite.java.dependencies.UpgradeDependencyVersion
      - org.openrewrite.java.dependencies.UpgradeDependencyVersion
      - org.openrewrite.java.dependencies.UpgradeDependencyVersion
      - org.openrewrite.java.dependencies.UpgradeDependencyVersion
      - org.openrewrite.java.dependencies.UpgradeDependencyVersion
      - org.openrewrite.java.dependencies.UpgradeDependencyVersion
      - org.openrewrite.java.dependencies.UpgradeDependencyVersion
      - org.openrewrite.java.dependencies.UpgradeDependencyVersion
      - org.openrewrite.java.dependencies.UpgradeDependencyVersion
      - org.openrewrite.java.dependencies.UpgradeDependencyVersion
      - org.openrewrite.java.dependencies.UpgradeDependencyVersion
      - org.openrewrite.java.dependencies.UpgradeDependencyVersion
      - org.openrewrite.java.dependencies.UpgradeDependencyVersion
      - org.openrewrite.java.dependencies.UpgradeDependencyVersion
      - org.openrewrite.java.dependencies.UpgradeDependencyVersion
      - org.openrewrite.java.dependencies.UpgradeDependencyVersion
      - org.openrewrite.java.dependencies.UpgradeDependencyVersion
      - org.openrewrite.java.dependencies.UpgradeDependencyVersion
      - org.openrewrite.java.dependencies.UpgradeDependencyVersion
      - org.openrewrite.java.dependencies.UpgradeDependencyVersion
      - org.openrewrite.java.dependencies.UpgradeDependencyVersion
      - org.openrewrite.java.dependencies.UpgradeDependencyVersion
      - org.openrewrite.java.dependencies.UpgradeDependencyVersion
      - org.openrewrite.java.dependencies.UpgradeDependencyVersion
      - org.openrewrite.java.dependencies.UpgradeDependencyVersion
      - org.openrewrite.java.dependencies.UpgradeDependencyVersion
      - org.openrewrite.java.dependencies.UpgradeDependencyVersion
      - org.openrewrite.java.dependencies.UpgradeDependencyVersion
      - org.openrewrite.java.dependencies.UpgradeDependencyVersion
      - org.openrewrite.java.dependencies.UpgradeDependencyVersion
      - org.openrewrite.java.dependencies.UpgradeDependencyVersion
      - org.openrewrite.java.dependencies.UpgradeDependencyVersion
      - org.openrewrite.java.dependencies.UpgradeDependencyVersion
      - org.openrewrite.java.dependencies.UpgradeDependencyVersion
      - org.openrewrite.java.dependencies.UpgradeDependencyVersion
      - org.openrewrite.java.dependencies.UpgradeDependencyVersion
      - org.openrewrite.java.dependencies.UpgradeDependencyVersion
      - org.openrewrite.java.dependencies.UpgradeDependencyVersion
      - org.openrewrite.java.dependencies.UpgradeDependencyVersion
      - com.vmware.tanzu.spring.recipes.framework62.UpgradeSpringFramework_6_2
      - org.openrewrite.java.dependencies.UpgradeDependencyVersion
      - org.openrewrite.java.dependencies.UpgradeDependencyVersion
      - org.openrewrite.java.dependencies.UpgradeDependencyVersion
      - org.openrewrite.java.dependencies.UpgradeDependencyVersion
      - org.openrewrite.java.dependencies.UpgradeDependencyVersion
      - org.openrewrite.java.dependencies.UpgradeDependencyVersion
      - org.openrewrite.java.dependencies.UpgradeDependencyVersion
      - org.openrewrite.java.dependencies.UpgradeDependencyVersion
      - org.openrewrite.java.dependencies.UpgradeDependencyVersion
      - org.openrewrite.java.dependencies.UpgradeDependencyVersion
      - org.openrewrite.java.dependencies.UpgradeDependencyVersion
      - org.openrewrite.java.dependencies.UpgradeDependencyVersion
      - org.openrewrite.java.dependencies.UpgradeDependencyVersion
      - org.openrewrite.java.dependencies.UpgradeDependencyVersion
      - org.openrewrite.java.dependencies.UpgradeDependencyVersion
      - org.openrewrite.java.dependencies.UpgradeDependencyVersion
      - org.openrewrite.java.dependencies.UpgradeDependencyVersion
      - org.openrewrite.java.dependencies.UpgradeDependencyVersion
      - org.openrewrite.java.dependencies.UpgradeDependencyVersion
      - org.openrewrite.java.dependencies.UpgradeDependencyVersion
      - org.openrewrite.java.dependencies.UpgradeDependencyVersion
      - org.openrewrite.java.dependencies.UpgradeDependencyVersion
      - org.openrewrite.java.dependencies.UpgradeDependencyVersion
      - org.openrewrite.java.dependencies.UpgradeDependencyVersion
      - org.openrewrite.java.dependencies.UpgradeDependencyVersion
      - org.openrewrite.java.dependencies.UpgradeDependencyVersion
      - org.openrewrite.java.dependencies.UpgradeDependencyVersion
      - org.openrewrite.java.dependencies.UpgradeDependencyVersion
      - org.openrewrite.java.dependencies.UpgradeDependencyVersion
      - org.openrewrite.java.dependencies.UpgradeDependencyVersion
      - org.openrewrite.java.dependencies.UpgradeDependencyVersion
      - org.openrewrite.java.dependencies.UpgradeDependencyVersion
      - org.openrewrite.java.dependencies.UpgradeDependencyVersion
      - org.openrewrite.java.dependencies.UpgradeDependencyVersion
      - org.openrewrite.java.dependencies.UpgradeDependencyVersion
      - org.openrewrite.java.dependencies.UpgradeDependencyVersion
      - org.openrewrite.java.dependencies.UpgradeDependencyVersion
      - org.openrewrite.java.dependencies.UpgradeDependencyVersion
      - org.openrewrite.java.dependencies.UpgradeDependencyVersion
      - org.openrewrite.java.dependencies.UpgradeDependencyVersion
      - org.openrewrite.java.dependencies.UpgradeDependencyVersion
      - org.openrewrite.java.dependencies.UpgradeDependencyVersion
      - org.openrewrite.java.dependencies.UpgradeDependencyVersion
      - org.openrewrite.java.dependencies.UpgradeDependencyVersion
      - org.openrewrite.java.dependencies.UpgradeDependencyVersion
      - org.openrewrite.java.dependencies.UpgradeDependencyVersion
      - org.openrewrite.java.dependencies.UpgradeDependencyVersion
      - org.openrewrite.java.dependencies.UpgradeDependencyVersion
      - org.openrewrite.java.dependencies.UpgradeDependencyVersion
      - org.openrewrite.java.dependencies.UpgradeDependencyVersion
      - org.openrewrite.java.dependencies.UpgradeDependencyVersion
      - org.openrewrite.java.dependencies.UpgradeDependencyVersion
      - org.openrewrite.java.dependencies.UpgradeDependencyVersion
      - org.openrewrite.java.dependencies.UpgradeDependencyVersion
      - org.openrewrite.java.dependencies.UpgradeDependencyVersion
      - org.openrewrite.java.dependencies.UpgradeDependencyVersion
      - org.openrewrite.java.dependencies.UpgradeDependencyVersion
      - org.openrewrite.java.dependencies.UpgradeDependencyVersion
      - org.openrewrite.java.dependencies.UpgradeDependencyVersion
      - org.openrewrite.java.dependencies.UpgradeDependencyVersion
      - org.openrewrite.java.dependencies.UpgradeDependencyVersion
      - org.openrewrite.java.dependencies.UpgradeDependencyVersion
      - org.openrewrite.java.dependencies.UpgradeDependencyVersion
      - org.openrewrite.java.dependencies.UpgradeDependencyVersion
      - org.openrewrite.java.dependencies.UpgradeDependencyVersion
      - org.openrewrite.java.dependencies.UpgradeDependencyVersion
      - org.openrewrite.java.dependencies.UpgradeDependencyVersion
      - org.openrewrite.java.dependencies.UpgradeDependencyVersion
      - org.openrewrite.java.dependencies.UpgradeDependencyVersion
      - org.openrewrite.java.dependencies.UpgradeDependencyVersion
      - org.openrewrite.java.dependencies.UpgradeDependencyVersion
      - org.openrewrite.java.dependencies.UpgradeDependencyVersion
      - org.openrewrite.java.dependencies.UpgradeDependencyVersion
      - org.openrewrite.java.dependencies.UpgradeDependencyVersion
      - org.openrewrite.java.dependencies.UpgradeDependencyVersion
      - org.openrewrite.java.dependencies.UpgradeDependencyVersion
      - org.openrewrite.java.dependencies.UpgradeDependencyVersion
      - org.openrewrite.java.dependencies.UpgradeDependencyVersion
      - org.openrewrite.java.dependencies.UpgradeDependencyVersion
      - org.openrewrite.java.dependencies.UpgradeDependencyVersion
      - org.openrewrite.java.dependencies.UpgradeDependencyVersion
      - org.openrewrite.java.dependencies.UpgradeDependencyVersion
      - org.openrewrite.maven.UpgradePluginVersion
      - org.openrewrite.gradle.plugins.UpgradePluginVersion
      - org.openrewrite.maven.UpgradeParentVersion
      - com.vmware.tanzu.spring.recipes.boot34.UpgradeSpringBoot_3_4
      - org.openrewrite.java.dependencies.UpgradeDependencyVersion
      - org.openrewrite.java.dependencies.UpgradeDependencyVersion
 - Step 2:
    * Upgrade spring-data-jpa from 3.4.x to 3.5.x
    * Upgrade mongo-java-driver from 5.2.x to 5.4.x
    * Upgrade spring-data-mongodb from 4.4.x to 4.5.x
    * Upgrade spring-boot from 3.4.x to 3.5.x
    * Upgrade spring-data-commons from 3.4.x to 3.5.x
    * Upgrade lettuce from 6.4.x to 6.5.x
    * Upgrade micrometer from 1.14.x to 1.15.x
      This is the list of recipes that will be applied:
      - org.openrewrite.java.dependencies.UpgradeDependencyVersion
      - org.openrewrite.java.dependencies.UpgradeDependencyVersion
      - org.openrewrite.java.dependencies.UpgradeDependencyVersion
      - org.openrewrite.java.dependencies.UpgradeDependencyVersion
      - org.openrewrite.java.dependencies.UpgradeDependencyVersion
      - org.openrewrite.java.dependencies.UpgradeDependencyVersion
      - org.openrewrite.java.dependencies.UpgradeDependencyVersion
      - org.openrewrite.java.dependencies.UpgradeDependencyVersion
      - org.openrewrite.java.dependencies.UpgradeDependencyVersion
      - org.openrewrite.java.dependencies.UpgradeDependencyVersion
      - org.openrewrite.java.dependencies.UpgradeDependencyVersion
      - org.openrewrite.java.dependencies.UpgradeDependencyVersion
      - org.openrewrite.java.dependencies.UpgradeDependencyVersion
      - org.openrewrite.java.dependencies.UpgradeDependencyVersion
      - org.openrewrite.java.dependencies.UpgradeDependencyVersion
      - org.openrewrite.java.dependencies.UpgradeDependencyVersion
      - org.openrewrite.java.dependencies.UpgradeDependencyVersion
      - org.openrewrite.java.dependencies.UpgradeDependencyVersion
      - org.openrewrite.java.dependencies.UpgradeDependencyVersion
      - org.openrewrite.java.dependencies.UpgradeDependencyVersion
      - org.openrewrite.java.dependencies.UpgradeDependencyVersion
      - org.openrewrite.java.dependencies.UpgradeDependencyVersion
      - org.openrewrite.java.dependencies.UpgradeDependencyVersion
      - org.openrewrite.java.dependencies.UpgradeDependencyVersion
      - org.openrewrite.java.dependencies.UpgradeDependencyVersion
      - org.openrewrite.java.dependencies.UpgradeDependencyVersion
      - org.openrewrite.java.dependencies.UpgradeDependencyVersion
      - org.openrewrite.java.dependencies.UpgradeDependencyVersion
      - org.openrewrite.java.dependencies.UpgradeDependencyVersion
      - org.openrewrite.java.dependencies.UpgradeDependencyVersion
      - org.openrewrite.java.dependencies.UpgradeDependencyVersion
      - org.openrewrite.java.dependencies.UpgradeDependencyVersion
      - org.openrewrite.java.dependencies.UpgradeDependencyVersion
      - org.openrewrite.java.dependencies.UpgradeDependencyVersion
      - org.openrewrite.java.dependencies.UpgradeDependencyVersion
      - org.openrewrite.java.dependencies.UpgradeDependencyVersion
      - org.openrewrite.java.dependencies.UpgradeDependencyVersion
      - org.openrewrite.java.dependencies.UpgradeDependencyVersion
      - org.openrewrite.java.dependencies.UpgradeDependencyVersion
      - org.openrewrite.java.dependencies.UpgradeDependencyVersion
      - org.openrewrite.java.dependencies.UpgradeDependencyVersion
      - org.openrewrite.java.dependencies.UpgradeDependencyVersion
      - org.openrewrite.java.dependencies.UpgradeDependencyVersion
      - org.openrewrite.java.dependencies.UpgradeDependencyVersion
      - org.openrewrite.java.dependencies.UpgradeDependencyVersion
      - org.openrewrite.java.dependencies.UpgradeDependencyVersion
      - org.openrewrite.java.dependencies.UpgradeDependencyVersion
      - org.openrewrite.java.dependencies.UpgradeDependencyVersion
      - org.openrewrite.java.dependencies.UpgradeDependencyVersion
      - org.openrewrite.java.dependencies.UpgradeDependencyVersion
      - org.openrewrite.java.dependencies.UpgradeDependencyVersion
      - org.openrewrite.java.dependencies.UpgradeDependencyVersion
      - org.openrewrite.java.dependencies.UpgradeDependencyVersion
      - org.openrewrite.java.dependencies.UpgradeDependencyVersion
      - org.openrewrite.java.dependencies.UpgradeDependencyVersion
      - com.vmware.tanzu.spring.recipes.boot35.UpgradeSpringBoot_3_5
      - org.openrewrite.java.dependencies.UpgradeDependencyVersion
      - org.openrewrite.java.dependencies.UpgradeDependencyVersion
      - org.openrewrite.java.dependencies.UpgradeDependencyVersion
      - org.openrewrite.java.dependencies.UpgradeDependencyVersion
      - org.openrewrite.java.dependencies.UpgradeDependencyVersion
      - org.openrewrite.java.dependencies.UpgradeDependencyVersion
      - org.openrewrite.java.dependencies.UpgradeDependencyVersion
      - org.openrewrite.java.dependencies.UpgradeDependencyVersion
      - org.openrewrite.java.dependencies.UpgradeDependencyVersion
      - org.openrewrite.java.dependencies.UpgradeDependencyVersion
      - org.openrewrite.java.dependencies.UpgradeDependencyVersion
      - org.openrewrite.java.dependencies.UpgradeDependencyVersion
      - org.openrewrite.java.dependencies.UpgradeDependencyVersion
      - org.openrewrite.java.dependencies.UpgradeDependencyVersion
      - org.openrewrite.java.dependencies.UpgradeDependencyVersion
      - org.openrewrite.java.dependencies.UpgradeDependencyVersion
      - org.openrewrite.java.dependencies.UpgradeDependencyVersion
      - org.openrewrite.java.dependencies.UpgradeDependencyVersion
      - org.openrewrite.java.dependencies.UpgradeDependencyVersion
      - org.openrewrite.java.dependencies.UpgradeDependencyVersion
      - org.openrewrite.java.dependencies.UpgradeDependencyVersion
      - org.openrewrite.java.dependencies.UpgradeDependencyVersion
      - org.openrewrite.java.dependencies.UpgradeDependencyVersion
      - org.openrewrite.java.dependencies.UpgradeDependencyVersion
      - org.openrewrite.java.dependencies.UpgradeDependencyVersion
      - org.openrewrite.java.dependencies.UpgradeDependencyVersion
      - org.openrewrite.java.dependencies.UpgradeDependencyVersion
      - org.openrewrite.java.dependencies.UpgradeDependencyVersion
      - org.openrewrite.java.dependencies.UpgradeDependencyVersion
      - org.openrewrite.java.dependencies.UpgradeDependencyVersion
      - org.openrewrite.java.dependencies.UpgradeDependencyVersion
      - org.openrewrite.java.dependencies.UpgradeDependencyVersion
      - org.openrewrite.java.dependencies.UpgradeDependencyVersion
      - org.openrewrite.java.dependencies.UpgradeDependencyVersion
      - org.openrewrite.java.dependencies.UpgradeDependencyVersion
      - org.openrewrite.java.dependencies.UpgradeDependencyVersion
      - org.openrewrite.java.dependencies.UpgradeDependencyVersion
      - org.openrewrite.java.dependencies.UpgradeDependencyVersion
      - org.openrewrite.java.dependencies.UpgradeDependencyVersion
      - org.openrewrite.java.dependencies.UpgradeDependencyVersion
      - org.openrewrite.java.dependencies.UpgradeDependencyVersion
      - org.openrewrite.java.dependencies.UpgradeDependencyVersion
      - org.openrewrite.java.dependencies.UpgradeDependencyVersion
      - org.openrewrite.java.dependencies.UpgradeDependencyVersion
      - org.openrewrite.java.dependencies.UpgradeDependencyVersion
      - org.openrewrite.java.dependencies.UpgradeDependencyVersion
      - org.openrewrite.java.dependencies.UpgradeDependencyVersion
      - org.openrewrite.java.dependencies.UpgradeDependencyVersion
      - org.openrewrite.java.dependencies.UpgradeDependencyVersion
      - org.openrewrite.java.dependencies.UpgradeDependencyVersion
      - org.openrewrite.java.dependencies.UpgradeDependencyVersion
      - org.openrewrite.java.dependencies.UpgradeDependencyVersion
      - org.openrewrite.java.dependencies.UpgradeDependencyVersion
      - org.openrewrite.java.dependencies.UpgradeDependencyVersion
      - org.openrewrite.java.dependencies.UpgradeDependencyVersion
      - org.openrewrite.java.dependencies.UpgradeDependencyVersion
      - org.openrewrite.java.dependencies.UpgradeDependencyVersion
      - org.openrewrite.java.dependencies.UpgradeDependencyVersion
      - org.openrewrite.java.dependencies.UpgradeDependencyVersion
      - org.openrewrite.java.dependencies.UpgradeDependencyVersion
      - org.openrewrite.java.dependencies.UpgradeDependencyVersion
      - org.openrewrite.java.dependencies.UpgradeDependencyVersion
      - org.openrewrite.java.dependencies.UpgradeDependencyVersion
      - org.openrewrite.java.dependencies.UpgradeDependencyVersion
      - org.openrewrite.java.dependencies.UpgradeDependencyVersion
      - org.openrewrite.java.dependencies.UpgradeDependencyVersion
      - org.openrewrite.java.dependencies.UpgradeDependencyVersion
      - org.openrewrite.java.dependencies.UpgradeDependencyVersion

Some upgrades were not included in the upgrade plan.
To apply upgrades for:
	* mongo-java-driver from 5.4.x to >= 5.5.x
consider migrating or upgrading the following projects first:
	* reactor:3.7.x
		Minimum version used in mongo-java-driver is 3.5.x
	* spring-boot:3.5.x
		Last version of mongo-java-driver is 5.4.x
