[INFO] Scanning for projects...
[INFO] 
[INFO] ---------------< com.vmware.tanzu.advisor:license-check >---------------
[INFO] Building license-check 1.0.0
[INFO] --------------------------------[ jar ]---------------------------------
[INFO] 
[INFO] --- license-maven-plugin:2.3.0:add-third-party (default-cli) @ license-check ---
[WARNING] File encoding has not been set, using platform encoding UTF-8, i.e. build is platform dependent!
[WARNING] There are 7 dependencies with no license :
[WARNING]  - com.vmware.tanzu.spring.recipes--cf-deployment--1.3.1
[WARNING]  - com.vmware.tanzu.spring.recipes--java-recipes--1.3.1
[WARNING]  - com.vmware.tanzu.spring.recipes--rewrite-spring--1.3.1
[WARNING]  - com.vmware.tanzu.spring.recipes--spring-boot-2-upgrade-recipes--1.3.1
[WARNING]  - com.vmware.tanzu.spring.recipes--spring-boot-2-upgrade-recipes-generated--1.3.1
[WARNING]  - com.vmware.tanzu.spring.recipes--spring-boot-3-upgrade-recipes--1.3.1
[WARNING]  - com.vmware.tanzu.spring.recipes--spring-boot-3-upgrade-recipes-generated--1.3.1
[INFO] Writing third-party file to /Users/orenpenso/git/spring-metal/licenses.txt
[INFO] ------------------------------------------------------------------------
[INFO] BUILD SUCCESS
[INFO] ------------------------------------------------------------------------
[INFO] Total time:  0.913 s
[INFO] Finished at: 2025-08-08T18:37:08+01:00
[INFO] ------------------------------------------------------------------------
